PS E:\agrofinance\agrofinance-backend> mvn clean test
[INFO] Scanning for projects...
[INFO] 
[INFO] ----------------< com.agrofinance:agrofinance-backend >-----------------
[INFO] Building agrofinance-backend 0.0.1-SNAPSHOT
[INFO]   from pom.xml
[INFO] --------------------------------[ jar ]---------------------------------
[INFO] 
[INFO] --- clean:3.4.1:clean (default-clean) @ agrofinance-backend ---
[INFO] Deleting E:\agrofinance\agrofinance-backend\target
[INFO] 
[INFO] --- resources:3.3.1:resources (default-resources) @ agrofinance-backend ---
[INFO] Copying 1 resource from src\main\resources to target\classes
[INFO] Copying 3 resources from src\main\resources to target\classes
[INFO] 
[INFO] --- compiler:3.14.1:compile (default-compile) @ agrofinance-backend ---
[INFO] Recompiling the module because of changed source code.
[INFO] Compiling 133 source files with javac [debug parameters release 21] to target\classes
[INFO] Annotation processing is enabled because one or more processors were found
  on the class path. A future release of javac may disable annotation processing
  unless at least one processor is specified by name (-processor), or a search
  path is specified (--processor-path, --processor-module-path), or annotation
  processing is enabled explicitly (-proc:only, -proc:full).
  Use -Xlint:-options to suppress this message.
  Use -proc:none to disable annotation processing.
[INFO] /E:/agrofinance/agrofinance-backend/src/main/java/com/agrofinance/config/CacheConfig.java: E:\agrofinance\agrofinance-backend\src\main\java\com\agrofinance\config\CacheConfig.java uses or overrides a deprecated API.
[INFO] /E:/agrofinance/agrofinance-backend/src/main/java/com/agrofinance/config/CacheConfig.java: Recompile with -Xlint:deprecation for details.
[INFO] 
[INFO] --- resources:3.3.1:testResources (default-testResources) @ agrofinance-backend ---
[INFO] skip non existing resourceDirectory E:\agrofinance\agrofinance-backend\src\test\resources
[INFO] 
[INFO] --- compiler:3.14.1:testCompile (default-testCompile) @ agrofinance-backend ---
[INFO] Recompiling the module because of changed dependency.
[INFO] Compiling 5 source files with javac [debug parameters release 21] to target\test-classes
[INFO] Annotation processing is enabled because one or more processors were found
  on the class path. A future release of javac may disable annotation processing
  unless at least one processor is specified by name (-processor), or a search
  path is specified (--processor-path, --processor-module-path), or annotation
  processing is enabled explicitly (-proc:only, -proc:full).
  Use -Xlint:-options to suppress this message.
  Use -proc:none to disable annotation processing.
[INFO] 
[INFO] --- surefire:3.5.6:test (default-test) @ agrofinance-backend ---
[INFO] Using auto detected provider org.apache.maven.surefire.junitplatform.JUnitPlatformProvider
[INFO] 
[INFO] -------------------------------------------------------
[INFO]  T E S T S
[INFO] -------------------------------------------------------
[INFO] Running com.agrofinance.AgroFinanceApplicationTests
10:38:45.214 [main] INFO org.springframework.test.context.support.AnnotationConfigContextLoaderUtils -- Could not detect default configuration classes for test class [com.agrofinance.AgroFinanceApplicationTests]: AgroFinanceApplicationTests does not declare any static, non-private, non-final, nested classes annotated with @Configuration.
10:38:45.311 [main] INFO org.springframework.boot.test.context.SpringBootTestContextBootstrapper -- Found @SpringBootConfiguration com.agrofinance.AgroFinanceApplication for test class com.agrofinance.AgroFinanceApplicationTests
10:38:45.427 [main] INFO org.springframework.boot.devtools.restart.RestartApplicationListener -- Restart disabled due to context in which it is running

  .   ____          _            __ _ _
 /\\ / ___'_ __ _ _(_)_ __  __ _ \ \ \ \
( ( )\___ | '_ | '_| | '_ \/ _` | \ \ \ \
 \\/  ___)| |_)| | | | | || (_| |  ) ) ) )
  '  |____| .__|_| |_|_| |_\__, | / / / /
 =========|_|==============|___/=/_/_/_/

 :: Spring Boot ::               (v3.5.16)

10:38:45.797  INFO [startup] c.a.AgroFinanceApplicationTests          : Starting AgroFinanceApplicationTests using Java 21.0.6 with PID 1232 (started by midhu in E:\agrofinance\agrofinance-backend)
10:38:45.805 DEBUG [startup] c.a.AgroFinanceApplicationTests          : Running with Spring Boot v3.5.16, Spring v6.2.19
10:38:45.806  INFO [startup] c.a.AgroFinanceApplicationTests          : No active profile set, falling back to 1 default profile: "default"
10:38:46.682  INFO [startup] .s.d.r.c.RepositoryConfigurationDelegate : Multiple Spring Data modules found, entering strict repository configuration mode
10:38:46.682  INFO [startup] .s.d.r.c.RepositoryConfigurationDelegate : Bootstrapping Spring Data JPA repositories in DEFAULT mode.
10:38:46.874  INFO [startup] .s.d.r.c.RepositoryConfigurationDelegate : Finished Spring Data repository scanning in 168 ms. Found 13 JPA repository interfaces.
10:38:46.884  INFO [startup] .s.d.r.c.RepositoryConfigurationDelegate : Multiple Spring Data modules found, entering strict repository configuration mode
10:38:46.884  INFO [startup] .s.d.r.c.RepositoryConfigurationDelegate : Bootstrapping Spring Data Redis repositories in DEFAULT mode.
10:38:46.898  INFO [startup] .RepositoryConfigurationExtensionSupport : Spring Data Redis - Could not safely identify store assignment for repository candidate interface com.agrofinance.repository.AIRecommendationRepository; If you want this repository to be a Redis repository, consider annotating your entities with one of these annotations: org.springframework.data.redis.core.RedisHash (preferred), or consider extending one of the following types with your repository: org.springframework.data.keyvalue.repository.KeyValueRepository
10:38:46.898  INFO [startup] .RepositoryConfigurationExtensionSupport : Spring Data Redis - Could not safely identify store assignment for repository candidate interface com.agrofinance.repository.BankOfficerRepository; If you want this repository to be a Redis repository, consider annotating your entities with one of these annotations: org.springframework.data.redis.core.RedisHash (preferred), or consider extending one of the following types with your repository: org.springframework.data.keyvalue.repository.KeyValueRepository
10:38:46.898  INFO [startup] .RepositoryConfigurationExtensionSupport : Spring Data Redis - Could not safely identify store assignment for repository candidate interface com.agrofinance.repository.ChatHistoryRepository; If you want this repository to be a Redis repository, consider annotating your entities with one of these annotations: org.springframework.data.redis.core.RedisHash (preferred), or consider extending one of the following types with your repository: org.springframework.data.keyvalue.repository.KeyValueRepository
10:38:46.898  INFO [startup] .RepositoryConfigurationExtensionSupport : Spring Data Redis - Could not safely identify store assignment for repository candidate interface com.agrofinance.repository.CropRepository; If you want this repository to be a Redis repository, consider annotating your entities with one of these annotations: org.springframework.data.redis.core.RedisHash (preferred), or consider extending one of the following types with your repository: org.springframework.data.keyvalue.repository.KeyValueRepository
10:38:46.898  INFO [startup] .RepositoryConfigurationExtensionSupport : Spring Data Redis - Could not safely identify store assignment for repository candidate interface com.agrofinance.repository.CropTypeRepository; If you want this repository to be a Redis repository, consider annotating your entities with one of these annotations: org.springframework.data.redis.core.RedisHash (preferred), or consider extending one of the following types with your repository: org.springframework.data.keyvalue.repository.KeyValueRepository
10:38:46.898  INFO [startup] .RepositoryConfigurationExtensionSupport : Spring Data Redis - Could not safely identify store assignment for repository candidate interface com.agrofinance.repository.DocumentRepository; If you want this repository to be a Redis repository, consider annotating your entities with one of these annotations: org.springframework.data.redis.core.RedisHash (preferred), or consider extending one of the following types with your repository: org.springframework.data.keyvalue.repository.KeyValueRepository
10:38:46.898  INFO [startup] .RepositoryConfigurationExtensionSupport : Spring Data Redis - Could not safely identify store assignment for repository candidate interface com.agrofinance.repository.FarmerRepository; If you want this repository to be a Redis repository, consider annotating your entities with one of these annotations: org.springframework.data.redis.core.RedisHash (preferred), or consider extending one of the following types with your repository: org.springframework.data.keyvalue.repository.KeyValueRepository
10:38:46.898  INFO [startup] .RepositoryConfigurationExtensionSupport : Spring Data Redis - Could not safely identify store assignment for repository candidate interface com.agrofinance.repository.LandRepository; If you want this repository to be a Redis repository, consider annotating your entities with one of these annotations: org.springframework.data.redis.core.RedisHash (preferred), or consider extending one of the following types with your repository: org.springframework.data.keyvalue.repository.KeyValueRepository
10:38:46.898  INFO [startup] .RepositoryConfigurationExtensionSupport : Spring Data Redis - Could not safely identify store assignment for repository candidate interface com.agrofinance.repository.LoanRepository; If you want this repository to be a Redis repository, consider annotating your entities with one of these annotations: org.springframework.data.redis.core.RedisHash (preferred), or consider extending one of the following types with your repository: org.springframework.data.keyvalue.repository.KeyValueRepository
10:38:46.898  INFO [startup] .RepositoryConfigurationExtensionSupport : Spring Data Redis - Could not safely identify store assignment for repository candidate interface com.agrofinance.repository.LoanSchemeRepository; If you want this repository to be a Redis repository, consider annotating your entities with one of these annotations: org.springframework.data.redis.core.RedisHash (preferred), or consider extending one of the following types with your repository: org.springframework.data.keyvalue.repository.KeyValueRepository
10:38:46.898  INFO [startup] .RepositoryConfigurationExtensionSupport : Spring Data Redis - Could not safely identify store assignment for repository candidate interface com.agrofinance.repository.NotificationRepository; If you want this repository to be a Redis repository, consider annotating your entities with one of these annotations: org.springframework.data.redis.core.RedisHash (preferred), or consider extending one of the following types with your repository: org.springframework.data.keyvalue.repository.KeyValueRepository
10:38:46.898  INFO [startup] .RepositoryConfigurationExtensionSupport : Spring Data Redis - Could not safely identify store assignment for repository candidate interface com.agrofinance.repository.RoleRepository; If you want this repository to be a Redis repository, consider annotating your entities with one of these annotations: org.springframework.data.redis.core.RedisHash (preferred), or consider extending one of the following types with your repository: org.springframework.data.keyvalue.repository.KeyValueRepository
10:38:46.898  INFO [startup] .RepositoryConfigurationExtensionSupport : Spring Data Redis - Could not safely identify store assignment for repository candidate interface com.agrofinance.repository.UserRepository; If you want this repository to be a Redis repository, consider annotating your entities with one of these annotations: org.springframework.data.redis.core.RedisHash (preferred), or consider extending one of the following types with your repository: org.springframework.data.keyvalue.repository.KeyValueRepository
10:38:46.898  INFO [startup] .s.d.r.c.RepositoryConfigurationDelegate : Finished Spring Data repository scanning in 10 ms. Found 0 Redis repository interfaces.
10:38:48.046  INFO [startup] o.hibernate.jpa.internal.util.LogHelper  : HHH000204: Processing PersistenceUnitInfo [name: default]
10:38:48.097  INFO [startup] org.hibernate.Version                    : HHH000412: Hibernate ORM core version 6.6.53.Final
10:38:48.127  INFO [startup] o.h.c.internal.RegionFactoryInitiator    : HHH000026: Second-level cache disabled
10:38:48.331  INFO [startup] o.s.o.j.p.SpringPersistenceUnitInfo      : No LoadTimeWeaver setup: ignoring JPA class transformer
10:38:48.358  INFO [startup] com.zaxxer.hikari.HikariDataSource       : AgroFinanceHikariPool - Starting...
10:38:48.481  INFO [startup] com.zaxxer.hikari.pool.HikariPool        : AgroFinanceHikariPool - Added connection com.mysql.cj.jdbc.ConnectionImpl@27aa7294
10:38:48.481  INFO [startup] com.zaxxer.hikari.HikariDataSource       : AgroFinanceHikariPool - Start completed.
10:38:48.570  INFO [startup] org.hibernate.orm.connections.pooling    : HHH10001005: Database info:
        Database JDBC URL [Connecting through datasource 'HikariDataSource (AgroFinanceHikariPool)']
        Database driver: undefined/unknown
        Database version: 8.0.46
        Autocommit mode: undefined/unknown
        Isolation level: undefined/unknown
        Minimum pool size: undefined/unknown
        Maximum pool size: undefined/unknown
10:38:49.468  INFO [startup] o.h.e.t.j.p.i.JtaPlatformInitiator       : HHH000489: No JTA platform available (set 'hibernate.transaction.jta.platform' to enable JTA platform integration)
10:38:49.722  INFO [startup] j.LocalContainerEntityManagerFactoryBean : Initialized JPA EntityManagerFactory for persistence unit 'default'
10:38:49.966  INFO [startup] o.s.d.j.r.query.QueryEnhancerFactory     : Hibernate is in classpath; If applicable, HQL parser will be used.
10:38:51.115  INFO [startup] eAuthenticationProviderManagerConfigurer : Global AuthenticationManager configured with AuthenticationProvider bean with name authenticationProvider
10:38:51.115  WARN [startup] r$InitializeUserDetailsManagerConfigurer : Global AuthenticationManager configured with an AuthenticationProvider bean. UserDetailsService beans will not be used by Spring Security for automatically configuring username/password login. Consider removing the AuthenticationProvider bean. Alternatively, consider using the UserDetailsService in a manually instantiated DaoAuthenticationProvider. If the current configuration is intentional, to turn off this warning, increase the logging level of 'org.springframework.security.config.annotation.authentication.configuration.InitializeUserDetailsBeanManagerConfigurer' to ERROR
10:38:52.211  INFO [startup] c.a.AgroFinanceApplicationTests          : Started AgroFinanceApplicationTests in 6.793 seconds (process running for 7.607)
Mockito is currently self-attaching to enable the inline-mock-maker. This will no longer work in future releases of the JDK. Please add Mockito as an agent to your build as described in Mockito's documentation: https://javadoc.io/doc/org.mockito/mockito-core/latest/org.mockito/org/mockito/Mockito.html#0.3
Java HotSpot(TM) 64-Bit Server VM warning: Sharing is only supported for boot loader classes because bootstrap classpath has been appended
WARNING: A Java agent has been loaded dynamically (C:\Users\midhu\.m2\repository\net\bytebuddy\byte-buddy-agent\1.17.8\byte-buddy-agent-1.17.8.jar)
WARNING: If a serviceability tool is in use, please run with -XX:+EnableDynamicAgentLoading to hide this warning
WARNING: If a serviceability tool is not in use, please run with -Djdk.instrument.traceUsage for more information
WARNING: Dynamic loading of agents will be disallowed by default in a future release
[INFO] Tests run: 1, Failures: 0, Errors: 0, Skipped: 0, Time elapsed: 7.984 s -- in com.agrofinance.AgroFinanceApplicationTests
[INFO] Running Auth flow and role-based authorization ? full integration
10:38:53.110  INFO [startup] t.c.s.AnnotationConfigContextLoaderUtils : Could not detect default configuration classes for test class [com.agrofinance.AuthAndSecurityIntegrationTest]: AuthAndSecurityIntegrationTest does not declare any static, non-private, non-final, nested classes annotated with @Configuration.
10:38:53.119  INFO [startup] .b.t.c.SpringBootTestContextBootstrapper : Found @SpringBootConfiguration com.agrofinance.AgroFinanceApplication for test class com.agrofinance.AuthAndSecurityIntegrationTest
10:38:53.119  INFO [startup] o.s.b.d.r.RestartApplicationListener     : Restart disabled due to context in which it is running

  .   ____          _            __ _ _
 /\\ / ___'_ __ _ _(_)_ __  __ _ \ \ \ \
( ( )\___ | '_ | '_| | '_ \/ _` | \ \ \ \
 \\/  ___)| |_)| | | | | || (_| |  ) ) ) )
  '  |____| .__|_| |_|_| |_\__, | / / / /
 =========|_|==============|___/=/_/_/_/

 :: Spring Boot ::               (v3.5.16)

10:38:53.165  INFO [startup] c.a.AuthAndSecurityIntegrationTest       : Starting AuthAndSecurityIntegrationTest using Java 21.0.6 with PID 1232 (started by midhu in E:\agrofinance\agrofinance-backend)
10:38:53.165 DEBUG [startup] c.a.AuthAndSecurityIntegrationTest       : Running with Spring Boot v3.5.16, Spring v6.2.19
10:38:53.165  INFO [startup] c.a.AuthAndSecurityIntegrationTest       : The following 1 profile is active: "test"
10:38:53.442  INFO [startup] .s.d.r.c.RepositoryConfigurationDelegate : Multiple Spring Data modules found, entering strict repository configuration mode
10:38:53.442  INFO [startup] .s.d.r.c.RepositoryConfigurationDelegate : Bootstrapping Spring Data JPA repositories in DEFAULT mode.
10:38:53.490  INFO [startup] .s.d.r.c.RepositoryConfigurationDelegate : Finished Spring Data repository scanning in 42 ms. Found 13 JPA repository interfaces.
10:38:53.490  INFO [startup] .s.d.r.c.RepositoryConfigurationDelegate : Multiple Spring Data modules found, entering strict repository configuration mode
10:38:53.490  INFO [startup] .s.d.r.c.RepositoryConfigurationDelegate : Bootstrapping Spring Data Redis repositories in DEFAULT mode.
10:38:53.506  INFO [startup] .RepositoryConfigurationExtensionSupport : Spring Data Redis - Could not safely identify store assignment for repository candidate interface com.agrofinance.repository.AIRecommendationRepository; If you want this repository to be a Redis repository, consider annotating your entities with one of these annotations: org.springframework.data.redis.core.RedisHash (preferred), or consider extending one of the following types with your repository: org.springframework.data.keyvalue.repository.KeyValueRepository
10:38:53.506  INFO [startup] .RepositoryConfigurationExtensionSupport : Spring Data Redis - Could not safely identify store assignment for repository candidate interface com.agrofinance.repository.BankOfficerRepository; If you want this repository to be a Redis repository, consider annotating your entities with one of these annotations: org.springframework.data.redis.core.RedisHash (preferred), or consider extending one of the following types with your repository: org.springframework.data.keyvalue.repository.KeyValueRepository
10:38:53.506  INFO [startup] .RepositoryConfigurationExtensionSupport : Spring Data Redis - Could not safely identify store assignment for repository candidate interface com.agrofinance.repository.ChatHistoryRepository; If you want this repository to be a Redis repository, consider annotating your entities with one of these annotations: org.springframework.data.redis.core.RedisHash (preferred), or consider extending one of the following types with your repository: org.springframework.data.keyvalue.repository.KeyValueRepository
10:38:53.506  INFO [startup] .RepositoryConfigurationExtensionSupport : Spring Data Redis - Could not safely identify store assignment for repository candidate interface com.agrofinance.repository.CropRepository; If you want this repository to be a Redis repository, consider annotating your entities with one of these annotations: org.springframework.data.redis.core.RedisHash (preferred), or consider extending one of the following types with your repository: org.springframework.data.keyvalue.repository.KeyValueRepository
10:38:53.506  INFO [startup] .RepositoryConfigurationExtensionSupport : Spring Data Redis - Could not safely identify store assignment for repository candidate interface com.agrofinance.repository.CropTypeRepository; If you want this repository to be a Redis repository, consider annotating your entities with one of these annotations: org.springframework.data.redis.core.RedisHash (preferred), or consider extending one of the following types with your repository: org.springframework.data.keyvalue.repository.KeyValueRepository
10:38:53.506  INFO [startup] .RepositoryConfigurationExtensionSupport : Spring Data Redis - Could not safely identify store assignment for repository candidate interface com.agrofinance.repository.DocumentRepository; If you want this repository to be a Redis repository, consider annotating your entities with one of these annotations: org.springframework.data.redis.core.RedisHash (preferred), or consider extending one of the following types with your repository: org.springframework.data.keyvalue.repository.KeyValueRepository
10:38:53.506  INFO [startup] .RepositoryConfigurationExtensionSupport : Spring Data Redis - Could not safely identify store assignment for repository candidate interface com.agrofinance.repository.FarmerRepository; If you want this repository to be a Redis repository, consider annotating your entities with one of these annotations: org.springframework.data.redis.core.RedisHash (preferred), or consider extending one of the following types with your repository: org.springframework.data.keyvalue.repository.KeyValueRepository
10:38:53.506  INFO [startup] .RepositoryConfigurationExtensionSupport : Spring Data Redis - Could not safely identify store assignment for repository candidate interface com.agrofinance.repository.LandRepository; If you want this repository to be a Redis repository, consider annotating your entities with one of these annotations: org.springframework.data.redis.core.RedisHash (preferred), or consider extending one of the following types with your repository: org.springframework.data.keyvalue.repository.KeyValueRepository
10:38:53.506  INFO [startup] .RepositoryConfigurationExtensionSupport : Spring Data Redis - Could not safely identify store assignment for repository candidate interface com.agrofinance.repository.LoanRepository; If you want this repository to be a Redis repository, consider annotating your entities with one of these annotations: org.springframework.data.redis.core.RedisHash (preferred), or consider extending one of the following types with your repository: org.springframework.data.keyvalue.repository.KeyValueRepository
10:38:53.506  INFO [startup] .RepositoryConfigurationExtensionSupport : Spring Data Redis - Could not safely identify store assignment for repository candidate interface com.agrofinance.repository.LoanSchemeRepository; If you want this repository to be a Redis repository, consider annotating your entities with one of these annotations: org.springframework.data.redis.core.RedisHash (preferred), or consider extending one of the following types with your repository: org.springframework.data.keyvalue.repository.KeyValueRepository
10:38:53.506  INFO [startup] .RepositoryConfigurationExtensionSupport : Spring Data Redis - Could not safely identify store assignment for repository candidate interface com.agrofinance.repository.NotificationRepository; If you want this repository to be a Redis repository, consider annotating your entities with one of these annotations: org.springframework.data.redis.core.RedisHash (preferred), or consider extending one of the following types with your repository: org.springframework.data.keyvalue.repository.KeyValueRepository
10:38:53.506  INFO [startup] .RepositoryConfigurationExtensionSupport : Spring Data Redis - Could not safely identify store assignment for repository candidate interface com.agrofinance.repository.RoleRepository; If you want this repository to be a Redis repository, consider annotating your entities with one of these annotations: org.springframework.data.redis.core.RedisHash (preferred), or consider extending one of the following types with your repository: org.springframework.data.keyvalue.repository.KeyValueRepository
10:38:53.506  INFO [startup] .RepositoryConfigurationExtensionSupport : Spring Data Redis - Could not safely identify store assignment for repository candidate interface com.agrofinance.repository.UserRepository; If you want this repository to be a Redis repository, consider annotating your entities with one of these annotations: org.springframework.data.redis.core.RedisHash (preferred), or consider extending one of the following types with your repository: org.springframework.data.keyvalue.repository.KeyValueRepository
10:38:53.506  INFO [startup] .s.d.r.c.RepositoryConfigurationDelegate : Finished Spring Data repository scanning in 7 ms. Found 0 Redis repository interfaces.
10:38:53.696  INFO [startup] o.hibernate.jpa.internal.util.LogHelper  : HHH000204: Processing PersistenceUnitInfo [name: default]
10:38:53.696  INFO [startup] o.h.c.internal.RegionFactoryInitiator    : HHH000026: Second-level cache disabled
10:38:53.709  INFO [startup] o.s.o.j.p.SpringPersistenceUnitInfo      : No LoadTimeWeaver setup: ignoring JPA class transformer
10:38:53.709  INFO [startup] com.zaxxer.hikari.HikariDataSource       : AgroFinanceHikariPool - Starting...
10:38:53.721  INFO [startup] com.zaxxer.hikari.pool.HikariPool        : AgroFinanceHikariPool - Added connection com.mysql.cj.jdbc.ConnectionImpl@7ce8e48b
10:38:53.721  INFO [startup] com.zaxxer.hikari.HikariDataSource       : AgroFinanceHikariPool - Start completed.
10:38:53.721  INFO [startup] org.hibernate.orm.connections.pooling    : HHH10001005: Database info:
        Database JDBC URL [Connecting through datasource 'HikariDataSource (AgroFinanceHikariPool)']
        Database driver: undefined/unknown
        Database version: 8.0.46
        Autocommit mode: undefined/unknown
        Isolation level: undefined/unknown
        Minimum pool size: undefined/unknown
        Maximum pool size: undefined/unknown
10:38:53.868  INFO [startup] o.h.e.t.j.p.i.JtaPlatformInitiator       : HHH000489: No JTA platform available (set 'hibernate.transaction.jta.platform' to enable JTA platform integration)
10:38:53.914  INFO [startup] j.LocalContainerEntityManagerFactoryBean : Initialized JPA EntityManagerFactory for persistence unit 'default'
10:38:54.066  INFO [startup] eAuthenticationProviderManagerConfigurer : Global AuthenticationManager configured with AuthenticationProvider bean with name authenticationProvider
10:38:54.066  WARN [startup] r$InitializeUserDetailsManagerConfigurer : Global AuthenticationManager configured with an AuthenticationProvider bean. UserDetailsService beans will not be used by Spring Security for automatically configuring username/password login. Consider removing the AuthenticationProvider bean. Alternatively, consider using the UserDetailsService in a manually instantiated DaoAuthenticationProvider. If the current configuration is intentional, to turn off this warning, increase the logging level of 'org.springframework.security.config.annotation.authentication.configuration.InitializeUserDetailsBeanManagerConfigurer' to ERROR
10:38:54.305 DEBUG [startup] c.a.config.RequestLoggingFilter          : Filter 'requestLoggingFilter' configured for use
10:38:54.305 DEBUG [startup] c.a.security.JwtAuthenticationFilter     : Filter 'jwtAuthenticationFilter' configured for use
10:38:54.305  INFO [startup] o.s.b.t.m.w.SpringBootMockServletContext : Initializing Spring TestDispatcherServlet ''
10:38:54.305  INFO [startup] o.s.t.web.servlet.TestDispatcherServlet  : Initializing Servlet ''
10:38:54.305  INFO [startup] o.s.t.web.servlet.TestDispatcherServlet  : Completed initialization in 0 ms
10:38:54.321  INFO [startup] c.a.AuthAndSecurityIntegrationTest       : Started AuthAndSecurityIntegrationTest in 1.202 seconds (process running for 9.717)
10:38:54.367  INFO [8ad6bd28] c.a.config.RequestLoggingFilter          : --> POST /api/auth/register
RegisterRequest[email=itest-dup@test.com, password=password123, phone=9999999999, role=FARMER]
10:38:54.547 DEBUG [8ad6bd28] org.hibernate.SQL                        : 
    select
        u1_0.id 
    from
        user u1_0 
    where
        u1_0.email=? 
    limit
        ?
Hibernate: 
    select
        u1_0.id 
    from
        user u1_0 
    where
        u1_0.email=? 
    limit
        ?
10:38:54.570 DEBUG [8ad6bd28] org.hibernate.SQL                        : 
    select
        r1_0.id,
        r1_0.name 
    from
        role r1_0 
    where
        r1_0.name=?
Hibernate: 
    select
        r1_0.id,
        r1_0.name 
    from
        role r1_0 
    where
        r1_0.name=?
10:38:54.694 DEBUG [8ad6bd28] org.hibernate.SQL                        : 
    insert 
    into
        user
        (created_at, deleted_at, email, password_hash, phone, status, updated_at) 
    values
        (?, ?, ?, ?, ?, ?, ?)
Hibernate: 
    insert 
    into
        user
        (created_at, deleted_at, email, password_hash, phone, status, updated_at) 
    values
        (?, ?, ?, ?, ?, ?, ?)
10:38:54.794  INFO [8ad6bd28] c.a.config.RequestLoggingFilter          : <-- POST /api/auth/register [201] 427ms
10:38:54.794  INFO [56317bd4] c.a.config.RequestLoggingFilter          : --> POST /api/auth/register
RegisterRequest[email=itest-dup@test.com, password=password123, phone=9999999999, role=FARMER]
10:38:54.810 DEBUG [56317bd4] org.hibernate.SQL                        : 
    select
        u1_0.id 
    from
        user u1_0 
    where
        u1_0.email=? 
    limit
        ?
Hibernate: 
    select
        u1_0.id 
    from
        user u1_0 
    where
        u1_0.email=? 
    limit
        ?
10:38:54.810  INFO [56317bd4] c.a.config.RequestLoggingFilter          : <-- POST /api/auth/register [409] 16ms
10:38:54.832  INFO [704d37ce] c.a.config.RequestLoggingFilter          : --> POST /api/auth/register
RegisterRequest[email=itest-farmer@test.com, password=password123, phone=9999999999, role=FARMER]
10:38:54.842 DEBUG [704d37ce] org.hibernate.SQL                        : 
    select
        u1_0.id 
    from
        user u1_0 
    where
        u1_0.email=? 
    limit
        ?
Hibernate: 
    select
        u1_0.id 
    from
        user u1_0 
    where
        u1_0.email=? 
    limit
        ?
10:38:54.844 DEBUG [704d37ce] org.hibernate.SQL                        : 
    select
        r1_0.id,
        r1_0.name 
    from
        role r1_0 
    where
        r1_0.name=?
Hibernate: 
    select
        r1_0.id,
        r1_0.name 
    from
        role r1_0 
    where
        r1_0.name=?
10:38:54.884 DEBUG [704d37ce] org.hibernate.SQL                        : 
    insert 
    into
        user
        (created_at, deleted_at, email, password_hash, phone, status, updated_at) 
    values
        (?, ?, ?, ?, ?, ?, ?)
Hibernate: 
    insert 
    into
        user
        (created_at, deleted_at, email, password_hash, phone, status, updated_at) 
    values
        (?, ?, ?, ?, ?, ?, ?)
10:38:54.899  INFO [704d37ce] c.a.config.RequestLoggingFilter          : <-- POST /api/auth/register [201] 67ms
10:38:54.899  INFO [cd7c7842] c.a.config.RequestLoggingFilter          : --> GET /api/users/me
10:38:54.929 DEBUG [cd7c7842] org.hibernate.SQL                        : 
    insert 
    into
        user_role
        (user_id, role_id) 
    values
        (?, ?)
Hibernate: 
    insert 
    into
        user_role
        (user_id, role_id) 
    values
        (?, ?)
10:38:54.932 DEBUG [cd7c7842] org.hibernate.SQL                        : 
    select
        u1_0.id,
        u1_0.created_at,
        u1_0.deleted_at,
        u1_0.email,
        u1_0.password_hash,
        u1_0.phone,
        r1_0.user_id,
        r1_1.id,
        r1_1.name,
        u1_0.status,
        u1_0.updated_at 
    from
        user u1_0 
    left join
        user_role r1_0 
            on u1_0.id=r1_0.user_id 
    left join
        role r1_1 
            on r1_1.id=r1_0.role_id 
    where
        u1_0.email=?
Hibernate: 
    select
        u1_0.id,
        u1_0.created_at,
        u1_0.deleted_at,
        u1_0.email,
        u1_0.password_hash,
        u1_0.phone,
        r1_0.user_id,
        r1_1.id,
        r1_1.name,
        u1_0.status,
        u1_0.updated_at 
    from
        user u1_0 
    left join
        user_role r1_0 
            on u1_0.id=r1_0.user_id 
    left join
        role r1_1 
            on r1_1.id=r1_0.role_id 
    where
        u1_0.email=?
10:38:54.942  INFO [cd7c7842] c.a.config.RequestLoggingFilter          : <-- GET /api/users/me [200] 43ms
10:38:54.975  INFO [1a8d15eb] c.a.config.RequestLoggingFilter          : --> POST /api/auth/register
RegisterRequest[email=itest-wannabe-admin@test.com, password=password123, phone=9999999999, role=ADMIN]
10:38:54.976 DEBUG [1a8d15eb] org.hibernate.SQL                        : 
    select
        u1_0.id 
    from
        user u1_0 
    where
        u1_0.email=? 
    limit
        ?
Hibernate: 
    select
        u1_0.id 
    from
        user u1_0 
    where
        u1_0.email=? 
    limit
        ?
10:38:54.976  INFO [1a8d15eb] c.a.config.RequestLoggingFilter          : <-- POST /api/auth/register [403] 1ms
10:38:54.986  INFO [794f8852] c.a.config.RequestLoggingFilter          : --> GET /api/users/me
10:38:54.987  INFO [794f8852] c.a.config.RequestLoggingFilter          : <-- GET /api/users/me [403] 1ms
10:38:54.995  INFO [58a385c2] c.a.config.RequestLoggingFilter          : --> POST /api/auth/register
RegisterRequest[email=itest-farmer2@test.com, password=password123, phone=9999999999, role=FARMER]
10:38:54.997 DEBUG [58a385c2] org.hibernate.SQL                        : 
    select
        u1_0.id 
    from
        user u1_0 
    where
        u1_0.email=? 
    limit
        ?
Hibernate: 
    select
        u1_0.id 
    from
        user u1_0 
    where
        u1_0.email=? 
    limit
        ?
10:38:54.998 DEBUG [58a385c2] org.hibernate.SQL                        : 
    select
        r1_0.id,
        r1_0.name 
    from
        role r1_0 
    where
        r1_0.name=?
Hibernate: 
    select
        r1_0.id,
        r1_0.name 
    from
        role r1_0 
    where
        r1_0.name=?
10:38:55.052 DEBUG [58a385c2] org.hibernate.SQL                        : 
    insert 
    into
        user
        (created_at, deleted_at, email, password_hash, phone, status, updated_at) 
    values
        (?, ?, ?, ?, ?, ?, ?)
Hibernate: 
    insert 
    into
        user
        (created_at, deleted_at, email, password_hash, phone, status, updated_at) 
    values
        (?, ?, ?, ?, ?, ?, ?)
10:38:55.054  INFO [58a385c2] c.a.config.RequestLoggingFilter          : <-- POST /api/auth/register [201] 59ms
10:38:55.055  INFO [5480ad48] c.a.config.RequestLoggingFilter          : --> GET /api/admin/dashboard
10:38:55.057 DEBUG [5480ad48] org.hibernate.SQL                        : 
    insert 
    into
        user_role
        (user_id, role_id) 
    values
        (?, ?)
Hibernate: 
    insert 
    into
        user_role
        (user_id, role_id) 
    values
        (?, ?)
10:38:55.058 DEBUG [5480ad48] org.hibernate.SQL                        : 
    select
        u1_0.id,
        u1_0.created_at,
        u1_0.deleted_at,
        u1_0.email,
        u1_0.password_hash,
        u1_0.phone,
        r1_0.user_id,
        r1_1.id,
        r1_1.name,
        u1_0.status,
        u1_0.updated_at 
    from
        user u1_0 
    left join
        user_role r1_0 
            on u1_0.id=r1_0.user_id 
    left join
        role r1_1 
            on r1_1.id=r1_0.role_id 
    where
        u1_0.email=?
Hibernate: 
    select
        u1_0.id,
        u1_0.created_at,
        u1_0.deleted_at,
        u1_0.email,
        u1_0.password_hash,
        u1_0.phone,
        r1_0.user_id,
        r1_1.id,
        r1_1.name,
        u1_0.status,
        u1_0.updated_at 
    from
        user u1_0 
    left join
        user_role r1_0 
            on u1_0.id=r1_0.user_id 
    left join
        role r1_1 
            on r1_1.id=r1_0.role_id 
    where
        u1_0.email=?
10:38:55.067  INFO [5480ad48] c.a.config.RequestLoggingFilter          : <-- GET /api/admin/dashboard [403] 12ms
10:38:55.068  INFO [cfd8086c] c.a.config.RequestLoggingFilter          : --> POST /api/auth/register
RegisterRequest[email=itest-officer@test.com, password=password123, phone=9999999999, role=BANK_OFFICER]
10:38:55.068 DEBUG [cfd8086c] org.hibernate.SQL                        : 
    select
        u1_0.id 
    from
        user u1_0 
    where
        u1_0.email=? 
    limit
        ?
Hibernate: 
    select
        u1_0.id 
    from
        user u1_0 
    where
        u1_0.email=? 
    limit
        ?
10:38:55.068 DEBUG [cfd8086c] org.hibernate.SQL                        : 
    select
        r1_0.id,
        r1_0.name 
    from
        role r1_0 
    where
        r1_0.name=?
Hibernate: 
    select
        r1_0.id,
        r1_0.name 
    from
        role r1_0 
    where
        r1_0.name=?
10:38:55.133 DEBUG [cfd8086c] org.hibernate.SQL                        : 
    insert 
    into
        user
        (created_at, deleted_at, email, password_hash, phone, status, updated_at) 
    values
        (?, ?, ?, ?, ?, ?, ?)
Hibernate: 
    insert 
    into
        user
        (created_at, deleted_at, email, password_hash, phone, status, updated_at) 
    values
        (?, ?, ?, ?, ?, ?, ?)
10:38:55.133  INFO [cfd8086c] c.a.config.RequestLoggingFilter          : <-- POST /api/auth/register [201] 65ms
10:38:55.133  INFO [4c059e82] c.a.config.RequestLoggingFilter          : --> POST /api/farmers/me
10:38:55.133 DEBUG [4c059e82] org.hibernate.SQL                        : 
    insert 
    into
        user_role
        (user_id, role_id) 
    values
        (?, ?)
Hibernate: 
    insert 
    into
        user_role
        (user_id, role_id) 
    values
        (?, ?)
10:38:55.133 DEBUG [4c059e82] org.hibernate.SQL                        : 
    select
        u1_0.id,
        u1_0.created_at,
        u1_0.deleted_at,
        u1_0.email,
        u1_0.password_hash,
        u1_0.phone,
        r1_0.user_id,
        r1_1.id,
        r1_1.name,
        u1_0.status,
        u1_0.updated_at 
    from
        user u1_0 
    left join
        user_role r1_0 
            on u1_0.id=r1_0.user_id 
    left join
        role r1_1 
            on r1_1.id=r1_0.role_id 
    where
        u1_0.email=?
Hibernate: 
    select
        u1_0.id,
        u1_0.created_at,
        u1_0.deleted_at,
        u1_0.email,
        u1_0.password_hash,
        u1_0.phone,
        r1_0.user_id,
        r1_1.id,
        r1_1.name,
        u1_0.status,
        u1_0.updated_at 
    from
        user u1_0 
    left join
        user_role r1_0 
            on u1_0.id=r1_0.user_id 
    left join
        role r1_1 
            on r1_1.id=r1_0.role_id 
    where
        u1_0.email=?
10:38:55.152  INFO [4c059e82] c.a.config.RequestLoggingFilter          : <-- POST /api/farmers/me [403] 19ms
[INFO] Tests run: 6, Failures: 0, Errors: 0, Skipped: 0, Time elapsed: 2.050 s -- in Auth flow and role-based authorization ? full integration
[INFO] Running FarmerController
10:38:55.167  INFO [startup] t.c.s.AnnotationConfigContextLoaderUtils : Could not detect default configuration classes for test class [com.agrofinance.controller.FarmerControllerTest]: FarmerControllerTest does not declare any static, non-private, non-final, nested classes annotated with @Configuration.
10:38:55.190  INFO [startup] .b.t.c.SpringBootTestContextBootstrapper : Found @SpringBootConfiguration com.agrofinance.AgroFinanceApplication for test class com.agrofinance.controller.FarmerControllerTest
10:38:55.193  INFO [startup] o.s.b.d.r.RestartApplicationListener     : Restart disabled due to context in which it is running

  .   ____          _            __ _ _
 /\\ / ___'_ __ _ _(_)_ __  __ _ \ \ \ \
( ( )\___ | '_ | '_| | '_ \/ _` | \ \ \ \
 \\/  ___)| |_)| | | | | || (_| |  ) ) ) )
  '  |____| .__|_| |_|_| |_\__, | / / / /
 =========|_|==============|___/=/_/_/_/

 :: Spring Boot ::               (v3.5.16)

10:38:55.208  INFO [startup] c.a.controller.FarmerControllerTest      : Starting FarmerControllerTest using Java 21.0.6 with PID 1232 (started by midhu in E:\agrofinance\agrofinance-backend)
10:38:55.208 DEBUG [startup] c.a.controller.FarmerControllerTest      : Running with Spring Boot v3.5.16, Spring v6.2.19
10:38:55.208  INFO [startup] c.a.controller.FarmerControllerTest      : No active profile set, falling back to 1 default profile: "default"
10:38:55.911  WARN [startup] .s.s.UserDetailsServiceAutoConfiguration : 

Using generated security password: 6b72ee20-3663-48d2-9c8a-32fc425537cd

This generated password is for development use only. Your security configuration must be updated before running your application in production.

10:38:55.911  INFO [startup] r$InitializeUserDetailsManagerConfigurer : Global AuthenticationManager configured with UserDetailsService bean with name inMemoryUserDetailsManager
10:38:56.000 DEBUG [startup] c.a.config.RequestLoggingFilter          : Filter 'requestLoggingFilter' configured for use
10:38:56.000  INFO [startup] o.s.b.t.m.w.SpringBootMockServletContext : Initializing Spring TestDispatcherServlet ''
10:38:56.000  INFO [startup] o.s.t.web.servlet.TestDispatcherServlet  : Initializing Servlet ''
10:38:56.015  INFO [startup] o.s.t.web.servlet.TestDispatcherServlet  : Completed initialization in 15 ms
10:38:56.015  INFO [startup] c.a.controller.FarmerControllerTest      : Started FarmerControllerTest in 0.822 seconds (process running for 11.42)
10:38:56.108  INFO [df2eaed8] c.a.config.RequestLoggingFilter          : --> GET /api/farmers/me/dashboard
10:38:56.140  INFO [df2eaed8] c.a.config.RequestLoggingFilter          : <-- GET /api/farmers/me/dashboard [200] 32ms
10:38:56.176  INFO [8fcefe07] c.a.config.RequestLoggingFilter          : --> POST /api/farmers/me
10:38:56.216  INFO [8fcefe07] c.a.config.RequestLoggingFilter          : <-- POST /api/farmers/me [400] 40ms
10:38:56.228  INFO [c97d7147] c.a.config.RequestLoggingFilter          : --> POST /api/farmers/me
10:38:56.228  INFO [c97d7147] c.a.config.RequestLoggingFilter          : <-- POST /api/farmers/me [400] 0ms
10:38:56.241  INFO [d86f7043] c.a.config.RequestLoggingFilter          : --> GET /api/farmers/me
10:38:56.249  INFO [d86f7043] c.a.config.RequestLoggingFilter          : <-- GET /api/farmers/me [200] 8ms
[INFO] Tests run: 4, Failures: 0, Errors: 0, Skipped: 0, Time elapsed: 1.090 s -- in FarmerController
[INFO] Running LoanServiceImpl ? state machine and business rules
[INFO] Running cancel()
[INFO] Tests run: 3, Failures: 0, Errors: 0, Skipped: 0, Time elapsed: 0.022 s -- in cancel()
[INFO] Running reject()
[INFO] Tests run: 2, Failures: 0, Errors: 0, Skipped: 0, Time elapsed: 0.057 s -- in reject()
[INFO] Running approve() ? the state machine's transition guard
[INFO] Tests run: 4, Failures: 0, Errors: 0, Skipped: 0, Time elapsed: 0.023 s -- in approve() ? the state machine's transition guard
[INFO] Running apply()
[INFO] Tests run: 4, Failures: 0, Errors: 0, Skipped: 0, Time elapsed: 0.042 s -- in apply()
[INFO] Tests run: 0, Failures: 0, Errors: 0, Skipped: 0, Time elapsed: 0.882 s -- in LoanServiceImpl ? state machine and business rules
[INFO] Running AadhaarValidator ? Verhoeff checksum
[INFO] Tests run: 7, Failures: 0, Errors: 0, Skipped: 0, Time elapsed: 0.146 s -- in AadhaarValidator ? Verhoeff checksum
[INFO] 
[INFO] Results:
[INFO] 
[INFO] Tests run: 31, Failures: 0, Errors: 0, Skipped: 0
[INFO] 
[INFO] ------------------------------------------------------------------------
[INFO] BUILD SUCCESS
[INFO] ------------------------------------------------------------------------
[INFO] Total time:  20.921 s
[INFO] Finished at: 2026-07-22T10:38:57+05:30
[INFO] ------------------------------------------------------------------------
PS E:\agrofinance\agrofinance-backend> 